# Test a case to find path using oneNodeGraph from the node that exist inside
# the graph to some not existing nodes say, Jeff and David

# Load oneNodeGraph.tsv
loaded graph oneNodeGraph

# Find the minimum-cost path from  existing(Eva) to non-existing(Jeff or David) node and vice versa
unknown character Jeff
unknown character David