Menu:
	r to find a route
	b to see a list of all buildings
	q to quit

Enter an option ('m' to see the menu): # Verify that when unknown ending building 
# is entered by the user to find the path.So, that it will print "Unknown 
# building" followed by the building abbreviated name of the ending
# building. It will print "Unknown building: AA". AA is Abbreviated name
# of ending building.
Abbreviated name of starting building: Abbreviated name of ending building: Unknown building: ABY

Enter an option ('m' to see the menu): 
# terminate the program